node : ÔÜá´©Å  Firebase initialization error: Failed to parse private key: Error: Invalid PEM 
formatted message.
At line:1 char:160
+ ... dvance Software Engineerinh\APP\backend"; node server.js 2>&1 | Tee-O ...
+                                               ~~~~~~~~~~~~~~~~~~~
    + CategoryInfo          : NotSpecified: (ÔÜá´©Å  Firebas...matted message.:String) [], RemoteE 
   xception
    + FullyQualifiedErrorId : NativeCommandError
 
   Please configure FIREBASE_PROJECT_ID, FIREBASE_PRIVATE_KEY, and FIREBASE_CLIENT_EMAIL in .env 
file
   See FIREBASE_SETUP.md for instructions
Ô£ù Firebase connection failed: Firebase not initialized. Please configure credentials in .env file

    ÔòöÔòÉÔòÉÔòÉÔòÉÔòÉÔòÉÔòÉÔòÉÔòÉÔòÉÔòÉÔòÉÔòÉÔòÉÔòÉÔòÉÔòÉÔòÉÔòÉÔòÉÔòÉÔòÉÔòÉÔòÉÔòÉÔòÉÔòÉÔòÉÔòÉÔòÉÔòÉÔòÉÔòÉÔòÉÔòÉÔòÉÔòÉÔòÉÔòÉÔòÉÔòÉÔòù
    Ôòæ   RDC BACKEND SERVER STARTED            Ôòæ
    Ôòæ   Port: 5000                             Ôòæ
    Ôòæ   Environment: development        Ôòæ
    Ôòæ   Database: Firebase (Cloud)            Ôòæ
    ÔòÜÔòÉÔòÉÔòÉÔòÉÔòÉÔòÉÔòÉÔòÉÔòÉÔòÉÔòÉÔòÉÔòÉÔòÉÔòÉÔòÉÔòÉÔòÉÔòÉÔòÉÔòÉÔòÉÔòÉÔòÉÔòÉÔòÉÔòÉÔòÉÔòÉÔòÉÔòÉÔòÉÔòÉÔòÉÔòÉÔòÉÔòÉÔòÉÔòÉÔòÉÔòÉÔòØ
    
Ô£ô Firebase initialized successfully
